{"message": "starting worker", "level": "INFO", "name": "livekit.agents", "version": "1.4.5", "rtc-version": "1.1.2", "timestamp": "2026-08-09T16:15:59.091523+00:00"}
{"message": "starting inference executor", "level": "INFO", "name": "livekit.agents", "timestamp": "2026-08-09T16:15:59.093095+00:00"}
{"message": "initializing process", "level": "INFO", "name": "livekit.agents", "pid": 2168, "inference": true, "timestamp": "2026-08-09T16:15:59.116720+00:00"}
{"message": "process initialized", "level": "INFO", "name": "livekit.agents", "pid": 2168, "inference": true, "elapsed_time": 25.52, "timestamp": "2026-08-09T16:16:24.634488+00:00"}
{"message": "HTTP server listening on :8081", "level": "INFO", "name": "livekit.agents", "timestamp": "2026-08-09T16:16:24.637486+00:00"}
{"message": "initializing job runner", "level": "INFO", "name": "livekit.agents", "tid": 17396, "timestamp": "2026-08-09T16:16:24.641486+00:00"}
{"message": "initializing job runner", "level": "INFO", "name": "livekit.agents", "tid": 21324, "timestamp": "2026-08-09T16:16:24.642486+00:00"}
{"message": "initializing job runner", "level": "INFO", "name": "livekit.agents", "tid": 7412, "timestamp": "2026-08-09T16:16:24.643026+00:00"}
{"message": "initializing job runner", "level": "INFO", "name": "livekit.agents", "tid": 8756, "timestamp": "2026-08-09T16:16:24.643026+00:00"}
{"message": "job runner initialized", "level": "INFO", "name": "livekit.agents", "tid": 8756, "elapsed_time": 0.39, "timestamp": "2026-08-09T16:16:25.033461+00:00"}
{"message": "job runner initialized", "level": "INFO", "name": "livekit.agents", "tid": 21324, "elapsed_time": 0.39, "timestamp": "2026-08-09T16:16:25.033461+00:00"}
{"message": "job runner initialized", "level": "INFO", "name": "livekit.agents", "tid": 17396, "elapsed_time": 0.39, "timestamp": "2026-08-09T16:16:25.033461+00:00"}
{"message": "job runner initialized", "level": "INFO", "name": "livekit.agents", "tid": 7412, "elapsed_time": 0.39, "timestamp": "2026-08-09T16:16:25.034461+00:00"}
{"message": "initializing job runner", "level": "INFO", "name": "livekit.agents", "tid": 21380, "timestamp": "2026-08-09T16:16:25.039468+00:00"}
{"message": "initializing job runner", "level": "INFO", "name": "livekit.agents", "tid": 11392, "timestamp": "2026-08-09T16:16:25.039468+00:00"}
{"message": "initializing job runner", "level": "INFO", "name": "livekit.agents", "tid": 22556, "timestamp": "2026-08-09T16:16:25.040467+00:00"}
{"message": "initializing job runner", "level": "INFO", "name": "livekit.agents", "tid": 1372, "timestamp": "2026-08-09T16:16:25.040467+00:00"}
{"message": "job runner initialized", "level": "INFO", "name": "livekit.agents", "tid": 21380, "elapsed_time": 0.34, "timestamp": "2026-08-09T16:16:25.378487+00:00"}
{"message": "job runner initialized", "level": "INFO", "name": "livekit.agents", "tid": 11392, "elapsed_time": 0.34, "timestamp": "2026-08-09T16:16:25.378487+00:00"}
{"message": "job runner initialized", "level": "INFO", "name": "livekit.agents", "tid": 1372, "elapsed_time": 0.34, "timestamp": "2026-08-09T16:16:25.378487+00:00"}
{"message": "job runner initialized", "level": "INFO", "name": "livekit.agents", "tid": 22556, "elapsed_time": 0.34, "timestamp": "2026-08-09T16:16:25.378487+00:00"}
{"message": "initializing job runner", "level": "INFO", "name": "livekit.agents", "tid": 13584, "timestamp": "2026-08-09T16:16:25.382572+00:00"}
{"message": "initializing job runner", "level": "INFO", "name": "livekit.agents", "tid": 22092, "timestamp": "2026-08-09T16:16:25.408039+00:00"}
{"message": "initializing job runner", "level": "INFO", "name": "livekit.agents", "tid": 16076, "timestamp": "2026-08-09T16:16:25.471483+00:00"}
{"message": "initializing job runner", "level": "INFO", "name": "livekit.agents", "tid": 17208, "timestamp": "2026-08-09T16:16:25.572869+00:00"}
{"message": "job runner initialized", "level": "INFO", "name": "livekit.agents", "tid": 13584, "elapsed_time": 0.34, "timestamp": "2026-08-09T16:16:25.725589+00:00"}
{"message": "job runner initialized", "level": "INFO", "name": "livekit.agents", "tid": 22092, "elapsed_time": 0.25, "timestamp": "2026-08-09T16:16:25.725589+00:00"}
{"message": "job runner initialized", "level": "INFO", "name": "livekit.agents", "tid": 16076, "elapsed_time": 0.26, "timestamp": "2026-08-09T16:16:25.727588+00:00"}
{"message": "job runner initialized", "level": "INFO", "name": "livekit.agents", "tid": 17208, "elapsed_time": 0.09, "timestamp": "2026-08-09T16:16:25.728594+00:00"}
{"message": "registered worker", "level": "INFO", "name": "livekit.agents", "agent_name": "my-agent", "id": "AW_EtvREYbKsJms", "url": "wss://murf-voice-challenge-wcp0ddik.livekit.cloud", "region": "India South", "protocol": 17, "timestamp": "2026-08-09T16:16:26.065488+00:00"}
